*** catbtor: parse error in 'andargmismatch.in' line 3: length of arguments does not match
