*** catbtor: parse error in 'zerowitharg.in' line 1: expected new-line (after no argument constant)
