boolector: log/smt2perr049.smt2:1:36: invalid floating point bit-width '1.1'
