boolector: log/smt2perr152.smt2:1:10: unsupported reserved word 'forall'
