boolector: log/smt2perr020.smt2:1:2: invalid backslash '\\' in quoted symbol
