log/smt2perr064.smt2:3:1: unexpected end-of-file since '(' at line 1 column 9 still open
