boolector: log/smt2perr050.smt2:2:1: invalid 32-bit integer '2147483648'
