boolector: log/smt2perr160.smt2:1:26: invalid floating point bit-width '0.1'
